Archive member included to satisfy reference by file (symbol)

/home/kakses/Ac6/SystemWorkbench/plugins/fr.ac6.mcu.externaltools.arm-none.linux64_1.13.0.201701261201/tools/compiler/bin/../lib/gcc/arm-none-eabi/5.4.1/armv6-m/libgcc.a(_udivsi3.o)
                              Application/User/main.o (__aeabi_uidiv)
/home/kakses/Ac6/SystemWorkbench/plugins/fr.ac6.mcu.externaltools.arm-none.linux64_1.13.0.201701261201/tools/compiler/bin/../lib/gcc/arm-none-eabi/5.4.1/armv6-m/libgcc.a(_dvmd_tls.o)
                              /home/kakses/Ac6/SystemWorkbench/plugins/fr.ac6.mcu.externaltools.arm-none.linux64_1.13.0.201701261201/tools/compiler/bin/../lib/gcc/arm-none-eabi/5.4.1/armv6-m/libgcc.a(_udivsi3.o) (__aeabi_idiv0)
/home/kakses/Ac6/SystemWorkbench/plugins/fr.ac6.mcu.externaltools.arm-none.linux64_1.13.0.201701261201/tools/compiler/bin/../lib/gcc/arm-none-eabi/5.4.1/../../../../arm-none-eabi/lib/armv6-m/libc_nano.a(lib_a-exit.o)
                              /home/kakses/Ac6/SystemWorkbench/plugins/fr.ac6.mcu.externaltools.arm-none.linux64_1.13.0.201701261201/tools/compiler/bin/../lib/gcc/arm-none-eabi/5.4.1/../../../../arm-none-eabi/lib/armv6-m/crt0.o (exit)
/home/kakses/Ac6/SystemWorkbench/plugins/fr.ac6.mcu.externaltools.arm-none.linux64_1.13.0.201701261201/tools/compiler/bin/../lib/gcc/arm-none-eabi/5.4.1/../../../../arm-none-eabi/lib/armv6-m/libc_nano.a(lib_a-impure.o)
                              /home/kakses/Ac6/SystemWorkbench/plugins/fr.ac6.mcu.externaltools.arm-none.linux64_1.13.0.201701261201/tools/compiler/bin/../lib/gcc/arm-none-eabi/5.4.1/../../../../arm-none-eabi/lib/armv6-m/libc_nano.a(lib_a-exit.o) (_global_impure_ptr)
/home/kakses/Ac6/SystemWorkbench/plugins/fr.ac6.mcu.externaltools.arm-none.linux64_1.13.0.201701261201/tools/compiler/bin/../lib/gcc/arm-none-eabi/5.4.1/../../../../arm-none-eabi/lib/armv6-m/libc_nano.a(lib_a-init.o)
                              /home/kakses/Ac6/SystemWorkbench/plugins/fr.ac6.mcu.externaltools.arm-none.linux64_1.13.0.201701261201/tools/compiler/bin/../lib/gcc/arm-none-eabi/5.4.1/../../../../arm-none-eabi/lib/armv6-m/crt0.o (__libc_init_array)
/home/kakses/Ac6/SystemWorkbench/plugins/fr.ac6.mcu.externaltools.arm-none.linux64_1.13.0.201701261201/tools/compiler/bin/../lib/gcc/arm-none-eabi/5.4.1/../../../../arm-none-eabi/lib/armv6-m/libc_nano.a(lib_a-memcpy-stub.o)
                              Drivers/STM32F0xx_HAL_Driver/stm32f0xx_hal_rcc.o (memcpy)
/home/kakses/Ac6/SystemWorkbench/plugins/fr.ac6.mcu.externaltools.arm-none.linux64_1.13.0.201701261201/tools/compiler/bin/../lib/gcc/arm-none-eabi/5.4.1/../../../../arm-none-eabi/lib/armv6-m/libc_nano.a(lib_a-memset.o)
                              /home/kakses/Ac6/SystemWorkbench/plugins/fr.ac6.mcu.externaltools.arm-none.linux64_1.13.0.201701261201/tools/compiler/bin/../lib/gcc/arm-none-eabi/5.4.1/../../../../arm-none-eabi/lib/armv6-m/crt0.o (memset)
/home/kakses/Ac6/SystemWorkbench/plugins/fr.ac6.mcu.externaltools.arm-none.linux64_1.13.0.201701261201/tools/compiler/bin/../lib/gcc/arm-none-eabi/5.4.1/../../../../arm-none-eabi/lib/armv6-m/libnosys.a(_exit.o)
                              /home/kakses/Ac6/SystemWorkbench/plugins/fr.ac6.mcu.externaltools.arm-none.linux64_1.13.0.201701261201/tools/compiler/bin/../lib/gcc/arm-none-eabi/5.4.1/../../../../arm-none-eabi/lib/armv6-m/libc_nano.a(lib_a-exit.o) (_exit)

Allocating common symbols
Common symbol       size              file

uwTick              0x4               Drivers/STM32F0xx_HAL_Driver/stm32f0xx_hal.o
pFlash              0x20              Drivers/STM32F0xx_HAL_Driver/stm32f0xx_hal_flash.o
huart1              0x70              Application/User/usart.o

Discarded input sections

 .text          0x00000000        0x0 /home/kakses/Ac6/SystemWorkbench/plugins/fr.ac6.mcu.externaltools.arm-none.linux64_1.13.0.201701261201/tools/compiler/bin/../lib/gcc/arm-none-eabi/5.4.1/armv6-m/crti.o
 .data          0x00000000        0x0 /home/kakses/Ac6/SystemWorkbench/plugins/fr.ac6.mcu.externaltools.arm-none.linux64_1.13.0.201701261201/tools/compiler/bin/../lib/gcc/arm-none-eabi/5.4.1/armv6-m/crti.o
 .bss           0x00000000        0x0 /home/kakses/Ac6/SystemWorkbench/plugins/fr.ac6.mcu.externaltools.arm-none.linux64_1.13.0.201701261201/tools/compiler/bin/../lib/gcc/arm-none-eabi/5.4.1/armv6-m/crti.o
 .data          0x00000000        0x4 /home/kakses/Ac6/SystemWorkbench/plugins/fr.ac6.mcu.externaltools.arm-none.linux64_1.13.0.201701261201/tools/compiler/bin/../lib/gcc/arm-none-eabi/5.4.1/armv6-m/crtbegin.o
 .text          0x00000000       0x78 /home/kakses/Ac6/SystemWorkbench/plugins/fr.ac6.mcu.externaltools.arm-none.linux64_1.13.0.201701261201/tools/compiler/bin/../lib/gcc/arm-none-eabi/5.4.1/../../../../arm-none-eabi/lib/armv6-m/crt0.o
 .data          0x00000000        0x0 /home/kakses/Ac6/SystemWorkbench/plugins/fr.ac6.mcu.externaltools.arm-none.linux64_1.13.0.201701261201/tools/compiler/bin/../lib/gcc/arm-none-eabi/5.4.1/../../../../arm-none-eabi/lib/armv6-m/crt0.o
[...]
Memory Configuration

Name             Origin             Length             Attributes
RAM              0x20000000         0x00001000         xrw
FLASH            0x08000000         0x00008000         xr
*default*        0x00000000         0xffffffff

Linker script and memory map

LOAD /home/kakses/Ac6/SystemWorkbench/plugins/fr.ac6.mcu.externaltools.arm-none.linux64_1.13.0.201701261201/tools/compiler/bin/../lib/gcc/arm-none-eabi/5.4.1/armv6-m/crti.o
LOAD /home/kakses/Ac6/SystemWorkbench/plugins/fr.ac6.mcu.externaltools.arm-none.linux64_1.13.0.201701261201/tools/compiler/bin/../lib/gcc/arm-none-eabi/5.4.1/armv6-m/crtbegin.o
LOAD /home/kakses/Ac6/SystemWorkbench/plugins/fr.ac6.mcu.externaltools.arm-none.linux64_1.13.0.201701261201/tools/compiler/bin/../lib/gcc/arm-none-eabi/5.4.1/../../../../arm-none-eabi/lib/armv6-m/crt0.o
LOAD /home/kakses/Ac6/SystemWorkbench/plugins/fr.ac6.mcu.externaltools.arm-none.linux64_1.13.0.201701261201/tools/compiler/bin/../lib/gcc/arm-none-eabi/5.4.1/../../../../arm-none-eabi/lib/armv6-m/libm.a
LOAD Application/SW4STM32/startup_stm32f031x6.o
LOAD Application/User/gpio.o
LOAD Application/User/main.o
LOAD Application/User/stm32f0xx_hal_msp.o
LOAD Application/User/stm32f0xx_it.o
LOAD Application/User/usart.o
LOAD Drivers/CMSIS/system_stm32f0xx.o
LOAD Drivers/STM32F0xx_HAL_Driver/stm32f0xx_hal.o
LOAD Drivers/STM32F0xx_HAL_Driver/stm32f0xx_hal_cortex.o
LOAD Drivers/STM32F0xx_HAL_Driver/stm32f0xx_hal_dma.o
LOAD Drivers/STM32F0xx_HAL_Driver/stm32f0xx_hal_flash.o
LOAD Drivers/STM32F0xx_HAL_Driver/stm32f0xx_hal_flash_ex.o
LOAD Drivers/STM32F0xx_HAL_Driver/stm32f0xx_hal_gpio.o
LOAD Drivers/STM32F0xx_HAL_Driver/stm32f0xx_hal_i2c.o
LOAD Drivers/STM32F0xx_HAL_Driver/stm32f0xx_hal_i2c_ex.o
LOAD Drivers/STM32F0xx_HAL_Driver/stm32f0xx_hal_pwr.o
LOAD Drivers/STM32F0xx_HAL_Driver/stm32f0xx_hal_pwr_ex.o
LOAD Drivers/STM32F0xx_HAL_Driver/stm32f0xx_hal_rcc.o
LOAD Drivers/STM32F0xx_HAL_Driver/stm32f0xx_hal_rcc_ex.o
LOAD Drivers/STM32F0xx_HAL_Driver/stm32f0xx_hal_tim.o
LOAD Drivers/STM32F0xx_HAL_Driver/stm32f0xx_hal_tim_ex.o
LOAD Drivers/STM32F0xx_HAL_Driver/stm32f0xx_hal_uart.o
LOAD Drivers/STM32F0xx_HAL_Driver/stm32f0xx_hal_uart_ex.o
START GROUP
LOAD /home/kakses/Ac6/SystemWorkbench/plugins/fr.ac6.mcu.externaltools.arm-none.linux64_1.13.0.201701261201/tools/compiler/bin/../lib/gcc/arm-none-eabi/5.4.1/armv6-m/libgcc.a
LOAD /home/kakses/Ac6/SystemWorkbench/plugins/fr.ac6.mcu.externaltools.arm-none.linux64_1.13.0.201701261201/tools/compiler/bin/../lib/gcc/arm-none-eabi/5.4.1/../../../../arm-none-eabi/lib/armv6-m/libc_nano.a
END GROUP
START GROUP
LOAD /home/kakses/Ac6/SystemWorkbench/plugins/fr.ac6.mcu.externaltools.arm-none.linux64_1.13.0.201701261201/tools/compiler/bin/../lib/gcc/arm-none-eabi/5.4.1/armv6-m/libgcc.a
LOAD /home/kakses/Ac6/SystemWorkbench/plugins/fr.ac6.mcu.externaltools.arm-none.linux64_1.13.0.201701261201/tools/compiler/bin/../lib/gcc/arm-none-eabi/5.4.1/../../../../arm-none-eabi/lib/armv6-m/libc_nano.a
LOAD /home/kakses/Ac6/SystemWorkbench/plugins/fr.ac6.mcu.externaltools.arm-none.linux64_1.13.0.201701261201/tools/compiler/bin/../lib/gcc/arm-none-eabi/5.4.1/../../../../arm-none-eabi/lib/armv6-m/libnosys.a
END GROUP
START GROUP
LOAD /home/kakses/Ac6/SystemWorkbench/plugins/fr.ac6.mcu.externaltools.arm-none.linux64_1.13.0.201701261201/tools/compiler/bin/../lib/gcc/arm-none-eabi/5.4.1/armv6-m/libgcc.a
LOAD /home/kakses/Ac6/SystemWorkbench/plugins/fr.ac6.mcu.externaltools.arm-none.linux64_1.13.0.201701261201/tools/compiler/bin/../lib/gcc/arm-none-eabi/5.4.1/../../../../arm-none-eabi/lib/armv6-m/libc_nano.a
LOAD /home/kakses/Ac6/SystemWorkbench/plugins/fr.ac6.mcu.externaltools.arm-none.linux64_1.13.0.201701261201/tools/compiler/bin/../lib/gcc/arm-none-eabi/5.4.1/../../../../arm-none-eabi/lib/armv6-m/libnosys.a
END GROUP
LOAD /home/kakses/Ac6/SystemWorkbench/plugins/fr.ac6.mcu.externaltools.arm-none.linux64_1.13.0.201701261201/tools/compiler/bin/../lib/gcc/arm-none-eabi/5.4.1/armv6-m/crtend.o
LOAD /home/kakses/Ac6/SystemWorkbench/plugins/fr.ac6.mcu.externaltools.arm-none.linux64_1.13.0.201701261201/tools/compiler/bin/../lib/gcc/arm-none-eabi/5.4.1/armv6-m/crtn.o
                0x20001000                _estack = 0x20001000
                0x00000200                _Min_Heap_Size = 0x200
                0x00000400                _Min_Stack_Size = 0x400

.isr_vector     0x08000000       0xc0
                0x08000000                . = ALIGN (0x4)
 *(.isr_vector)
 .isr_vector    0x08000000       0xc0 Application/SW4STM32/startup_stm32f031x6.o
                0x08000000                g_pfnVectors
                0x080000c0                . = ALIGN (0x4)

.text           0x080000c0     0x1420
                0x080000c0                . = ALIGN (0x4)
 *(.text)
 .text          0x080000c0       0x60 /home/kakses/Ac6/SystemWorkbench/plugins/fr.ac6.mcu.externaltools.arm-none.linux64_1.13.0.201701261201/tools/compiler/bin/../lib/gcc/arm-none-eabi/5.4.1/armv6-m/crtbegin.o
 .text          0x08000120      0x114 /home/kakses/Ac6/SystemWorkbench/plugins/fr.ac6.mcu.externaltools.arm-none.linux64_1.13.0.201701261201/tools/compiler/bin/../lib/gcc/arm-none-eabi/5.4.1/armv6-m/libgcc.a(_udivsi3.o)
                0x08000120                __udivsi3
                0x08000120                __aeabi_uidiv
                0x0800022c                __aeabi_uidivmod
 .text          0x08000234        0x4 /home/kakses/Ac6/SystemWorkbench/plugins/fr.ac6.mcu.externaltools.arm-none.linux64_1.13.0.201701261201/tools/compiler/bin/../lib/gcc/arm-none-eabi/5.4.1/armv6-m/libgcc.a(_dvmd_tls.o)
                0x08000234                __aeabi_ldiv0
                0x08000234                __aeabi_idiv0
 *(.text*)
 .text.Reset_Handler
                0x08000238       0x50 Application/SW4STM32/startup_stm32f031x6.o
                0x08000238                Reset_Handler
 .text.Default_Handler
                0x08000288        0x2 Application/SW4STM32/startup_stm32f031x6.o
                0x08000288                TIM1_CC_IRQHandler
                0x08000288                PVD_IRQHandler
                0x08000288                I2C1_IRQHandler
                0x08000288                SPI1_IRQHandler
                0x08000288                EXTI2_3_IRQHandler
                0x08000288                ADC1_IRQHandler
                0x08000288                TIM17_IRQHandler
                0x08000288                RTC_IRQHandler
                0x08000288                TIM16_IRQHandler
                0x08000288                TIM3_IRQHandler
                0x08000288                EXTI4_15_IRQHandler
                0x08000288                RCC_IRQHandler
                0x08000288                DMA1_Channel1_IRQHandler
                0x08000288                Default_Handler
                0x08000288                TIM14_IRQHandler
                0x08000288                DMA1_Channel4_5_IRQHandler
                0x08000288                EXTI0_1_IRQHandler
                0x08000288                WWDG_IRQHandler
                0x08000288                TIM2_IRQHandler
                0x08000288                DMA1_Channel2_3_IRQHandler
                0x08000288                FLASH_IRQHandler
                0x08000288                USART1_IRQHandler
                0x08000288                TIM1_BRK_UP_TRG_COM_IRQHandler
 *fill*         0x0800028a        0x2 
 .text.MX_GPIO_Init
                0x0800028c       0x64 Application/User/gpio.o
                0x0800028c                MX_GPIO_Init
 .text.main     0x080002f0       0x14 Application/User/main.o
                0x080002f0                main
 .text.SystemClock_Config
                0x08000304       0xbc Application/User/main.o
                0x08000304                SystemClock_Config
 .text.Error_Handler
                0x080003c0        0x8 Application/User/main.o
                0x080003c0                Error_Handler
 .text.HAL_MspInit
                0x080003c8       0x54 Application/User/stm32f0xx_hal_msp.o
                0x080003c8                HAL_MspInit
 .text.NMI_Handler
                0x0800041c        0xc Application/User/stm32f0xx_it.o
                0x0800041c                NMI_Handler
 .text.HardFault_Handler
                0x08000428        0x8 Application/User/stm32f0xx_it.o
                0x08000428                HardFault_Handler
 .text.SVC_Handler
                0x08000430        0xc Application/User/stm32f0xx_it.o
                0x08000430                SVC_Handler
 .text.PendSV_Handler
                0x0800043c        0xc Application/User/stm32f0xx_it.o
                0x0800043c                PendSV_Handler
 .text.SysTick_Handler
                0x08000448       0x14 Application/User/stm32f0xx_it.o
                0x08000448                SysTick_Handler
 .text.SystemInit
                0x0800045c       0x88 Drivers/CMSIS/system_stm32f0xx.o
                0x0800045c                SystemInit
 .text.HAL_Init
                0x080004e4       0x28 Drivers/STM32F0xx_HAL_Driver/stm32f0xx_hal.o
                0x080004e4                HAL_Init
 .text.HAL_InitTick
                0x0800050c       0x38 Drivers/STM32F0xx_HAL_Driver/stm32f0xx_hal.o
                0x0800050c                HAL_InitTick
 .text.HAL_IncTick
                0x08000544       0x18 Drivers/STM32F0xx_HAL_Driver/stm32f0xx_hal.o
                0x08000544                HAL_IncTick
 .text.HAL_GetTick
                0x0800055c       0x14 Drivers/STM32F0xx_HAL_Driver/stm32f0xx_hal.o
                0x0800055c                HAL_GetTick
 .text.NVIC_SetPriority
                0x08000570       0xdc Drivers/STM32F0xx_HAL_Driver/stm32f0xx_hal_cortex.o
 .text.SysTick_Config
                0x0800064c       0x48 Drivers/STM32F0xx_HAL_Driver/stm32f0xx_hal_cortex.o
 .text.HAL_NVIC_SetPriority
                0x08000694       0x2c Drivers/STM32F0xx_HAL_Driver/stm32f0xx_hal_cortex.o
                0x08000694                HAL_NVIC_SetPriority
 .text.HAL_SYSTICK_Config
                0x080006c0       0x1c Drivers/STM32F0xx_HAL_Driver/stm32f0xx_hal_cortex.o
                0x080006c0                HAL_SYSTICK_Config
 .text.HAL_SYSTICK_CLKSourceConfig
                0x080006dc       0x34 Drivers/STM32F0xx_HAL_Driver/stm32f0xx_hal_cortex.o
                0x080006dc                HAL_SYSTICK_CLKSourceConfig
 .text.HAL_SYSTICK_IRQHandler
                0x08000710       0x10 Drivers/STM32F0xx_HAL_Driver/stm32f0xx_hal_cortex.o
                0x08000710                HAL_SYSTICK_IRQHandler
 .text.HAL_SYSTICK_Callback
                0x08000720        0xc Drivers/STM32F0xx_HAL_Driver/stm32f0xx_hal_cortex.o
                0x08000720                HAL_SYSTICK_Callback
 .text.HAL_GPIO_Init
                0x0800072c      0x2d8 Drivers/STM32F0xx_HAL_Driver/stm32f0xx_hal_gpio.o
                0x0800072c                HAL_GPIO_Init
 .text.HAL_GPIO_WritePin
                0x08000a04       0x3c Drivers/STM32F0xx_HAL_Driver/stm32f0xx_hal_gpio.o
                0x08000a04                HAL_GPIO_WritePin
 .text.HAL_RCC_OscConfig
                0x08000a40      0x5e4 Drivers/STM32F0xx_HAL_Driver/stm32f0xx_hal_rcc.o
                0x08000a40                HAL_RCC_OscConfig
 .text.HAL_RCC_ClockConfig
                0x08001024      0x1cc Drivers/STM32F0xx_HAL_Driver/stm32f0xx_hal_rcc.o
                0x08001024                HAL_RCC_ClockConfig
 .text.HAL_RCC_GetSysClockFreq
                0x080011f0       0xc8 Drivers/STM32F0xx_HAL_Driver/stm32f0xx_hal_rcc.o
                0x080011f0                HAL_RCC_GetSysClockFreq
 .text.HAL_RCC_GetHCLKFreq
                0x080012b8       0x14 Drivers/STM32F0xx_HAL_Driver/stm32f0xx_hal_rcc.o
                0x080012b8                HAL_RCC_GetHCLKFreq
 .text.HAL_RCCEx_PeriphCLKConfig
                0x080012cc      0x19c Drivers/STM32F0xx_HAL_Driver/stm32f0xx_hal_rcc_ex.o
                0x080012cc                HAL_RCCEx_PeriphCLKConfig
 .text.__libc_init_array
                0x08001468       0x4c /home/kakses/Ac6/SystemWorkbench/plugins/fr.ac6.mcu.externaltools.arm-none.linux64_1.13.0.201701261201/tools/compiler/bin/../lib/gcc/arm-none-eabi/5.4.1/../../../../arm-none-eabi/lib/armv6-m/libc_nano.a(lib_a-init.o)
                0x08001468                __libc_init_array
 .text.memcpy   0x080014b4       0x12 /home/kakses/Ac6/SystemWorkbench/plugins/fr.ac6.mcu.externaltools.arm-none.linux64_1.13.0.201701261201/tools/compiler/bin/../lib/gcc/arm-none-eabi/5.4.1/../../../../arm-none-eabi/lib/armv6-m/libc_nano.a(lib_a-memcpy-stub.o)
                0x080014b4                memcpy
 *(.glue_7)
 .glue_7        0x080014c6        0x0 linker stubs
 *(.glue_7t)
 .glue_7t       0x080014c6        0x0 linker stubs
 *(.eh_frame)
 *fill*         0x080014c6        0x2 
 .eh_frame      0x080014c8        0x0 /home/kakses/Ac6/SystemWorkbench/plugins/fr.ac6.mcu.externaltools.arm-none.linux64_1.13.0.201701261201/tools/compiler/bin/../lib/gcc/arm-none-eabi/5.4.1/armv6-m/crtbegin.o
 *(.init)
 .init          0x080014c8        0x4 /home/kakses/Ac6/SystemWorkbench/plugins/fr.ac6.mcu.externaltools.arm-none.linux64_1.13.0.201701261201/tools/compiler/bin/../lib/gcc/arm-none-eabi/5.4.1/armv6-m/crti.o
                0x080014c8                _init
 .init          0x080014cc        0x8 /home/kakses/Ac6/SystemWorkbench/plugins/fr.ac6.mcu.externaltools.arm-none.linux64_1.13.0.201701261201/tools/compiler/bin/../lib/gcc/arm-none-eabi/5.4.1/armv6-m/crtn.o
 *(.fini)
 .fini          0x080014d4        0x4 /home/kakses/Ac6/SystemWorkbench/plugins/fr.ac6.mcu.externaltools.arm-none.linux64_1.13.0.201701261201/tools/compiler/bin/../lib/gcc/arm-none-eabi/5.4.1/armv6-m/crti.o
                0x080014d4                _fini
 .fini          0x080014d8        0x8 /home/kakses/Ac6/SystemWorkbench/plugins/fr.ac6.mcu.externaltools.arm-none.linux64_1.13.0.201701261201/tools/compiler/bin/../lib/gcc/arm-none-eabi/5.4.1/armv6-m/crtn.o
                0x080014e0                . = ALIGN (0x4)
                0x080014e0                _etext = .

.vfp11_veneer   0x080014e0        0x0
 .vfp11_veneer  0x080014e0        0x0 linker stubs

.v4_bx          0x080014e0        0x0
 .v4_bx         0x080014e0        0x0 linker stubs

.iplt           0x080014e0        0x0
 .iplt          0x080014e0        0x0 /home/kakses/Ac6/SystemWorkbench/plugins/fr.ac6.mcu.externaltools.arm-none.linux64_1.13.0.201701261201/tools/compiler/bin/../lib/gcc/arm-none-eabi/5.4.1/armv6-m/crtbegin.o

.rodata         0x080014e0       0x38
                0x080014e0                . = ALIGN (0x4)
 *(.rodata)
 .rodata        0x080014e0       0x18 Drivers/CMSIS/system_stm32f0xx.o
                0x080014e0                AHBPrescTable
                0x080014f0                APBPrescTable
 .rodata        0x080014f8       0x20 Drivers/STM32F0xx_HAL_Driver/stm32f0xx_hal_rcc.o
 *(.rodata*)
                0x08001518                . = ALIGN (0x4)

.rel.dyn        0x08001518        0x0
 .rel.iplt      0x08001518        0x0 /home/kakses/Ac6/SystemWorkbench/plugins/fr.ac6.mcu.externaltools.arm-none.linux64_1.13.0.201701261201/tools/compiler/bin/../lib/gcc/arm-none-eabi/5.4.1/armv6-m/crtbegin.o

.ARM.extab
 *(.ARM.extab* .gnu.linkonce.armextab.*)

.ARM            0x08001518        0x0
                0x08001518                __exidx_start = .
 *(.ARM.exidx*)
                0x08001518                __exidx_end = .

.preinit_array  0x08001518        0x0
                0x08001518                PROVIDE (__preinit_array_start, .)
 *(.preinit_array*)
                0x08001518                PROVIDE (__preinit_array_end, .)

.init_array     0x08001518        0x4
                0x08001518                PROVIDE (__init_array_start, .)
 *(SORT(.init_array.*))
 *(.init_array*)
 .init_array    0x08001518        0x4 /home/kakses/Ac6/SystemWorkbench/plugins/fr.ac6.mcu.externaltools.arm-none.linux64_1.13.0.201701261201/tools/compiler/bin/../lib/gcc/arm-none-eabi/5.4.1/armv6-m/crtbegin.o
                0x0800151c                PROVIDE (__init_array_end, .)

.fini_array     0x0800151c        0x4
                [!provide]                PROVIDE (__fini_array_start, .)
 *(SORT(.fini_array.*))
 *(.fini_array*)
 .fini_array    0x0800151c        0x4 /home/kakses/Ac6/SystemWorkbench/plugins/fr.ac6.mcu.externaltools.arm-none.linux64_1.13.0.201701261201/tools/compiler/bin/../lib/gcc/arm-none-eabi/5.4.1/armv6-m/crtbegin.o
                [!provide]                PROVIDE (__fini_array_end, .)
                0x08001520                _sidata = LOADADDR (.data)

.data           0x20000000        0x4 load address 0x08001520
                0x20000000                . = ALIGN (0x4)
                0x20000000                _sdata = .
 *(.data)
 .data          0x20000000        0x4 Drivers/CMSIS/system_stm32f0xx.o
                0x20000000                SystemCoreClock
 *(.data*)
                0x20000004                . = ALIGN (0x4)
                0x20000004                _edata = .

.jcr            0x20000004        0x0 load address 0x08001524
 .jcr           0x20000004        0x0 /home/kakses/Ac6/SystemWorkbench/plugins/fr.ac6.mcu.externaltools.arm-none.linux64_1.13.0.201701261201/tools/compiler/bin/../lib/gcc/arm-none-eabi/5.4.1/armv6-m/crtbegin.o

.igot.plt       0x20000004        0x0 load address 0x08001524
 .igot.plt      0x20000004        0x0 /home/kakses/Ac6/SystemWorkbench/plugins/fr.ac6.mcu.externaltools.arm-none.linux64_1.13.0.201701261201/tools/compiler/bin/../lib/gcc/arm-none-eabi/5.4.1/armv6-m/crtbegin.o
                0x20000004                . = ALIGN (0x4)

.bss            0x20000004       0x20 load address 0x08001524
                0x20000004                _sbss = .
                0x20000004                __bss_start__ = _sbss
 *(.bss)
 .bss           0x20000004       0x1c /home/kakses/Ac6/SystemWorkbench/plugins/fr.ac6.mcu.externaltools.arm-none.linux64_1.13.0.201701261201/tools/compiler/bin/../lib/gcc/arm-none-eabi/5.4.1/armv6-m/crtbegin.o
 *(.bss*)
 *(COMMON)
 COMMON         0x20000020        0x4 Drivers/STM32F0xx_HAL_Driver/stm32f0xx_hal.o
                0x20000020                uwTick
                0x20000024                . = ALIGN (0x4)
                0x20000024                _ebss = .
                0x20000024                __bss_end__ = _ebss

._user_heap_stack
                0x20000024      0x604 load address 0x08001524
                0x20000028                . = ALIGN (0x8)
 *fill*         0x20000024        0x4 
                [!provide]                PROVIDE (end, .)
                [!provide]                PROVIDE (_end, .)
                0x20000228                . = (. + _Min_Heap_Size)
 *fill*         0x20000028      0x200 
                0x20000628                . = (. + _Min_Stack_Size)
 *fill*         0x20000228      0x400 
                0x20000628                . = ALIGN (0x8)

/DISCARD/
 libc.a(*)
 libm.a(*)
 libgcc.a(*)

.ARM.attributes
                0x00000000       0x28
 *(.ARM.attributes)
 .ARM.attributes
                0x00000000       0x1e /home/kakses/Ac6/SystemWorkbench/plugins/fr.ac6.mcu.externaltools.arm-none.linux64_1.13.0.201701261201/tools/compiler/bin/../lib/gcc/arm-none-eabi/5.4.1/armv6-m/crti.o
 .ARM.attributes
                0x0000001e       0x2c /home/kakses/Ac6/SystemWorkbench/plugins/fr.ac6.mcu.externaltools.arm-none.linux64_1.13.0.201701261201/tools/compiler/bin/../lib/gcc/arm-none-eabi/5.4.1/armv6-m/crtbegin.o
 .ARM.attributes
                0x0000004a       0x21 Application/SW4STM32/startup_stm32f031x6.o
 .ARM.attributes
                0x0000006b       0x31 Application/User/gpio.o
 .ARM.attributes
                0x0000009c       0x31 Application/User/main.o
 .ARM.attributes
                0x000000cd       0x31 Application/User/stm32f0xx_hal_msp.o
 .ARM.attributes
                0x000000fe       0x31 Application/User/stm32f0xx_it.o
 .ARM.attributes
                0x0000012f       0x31 Drivers/CMSIS/system_stm32f0xx.o
 .ARM.attributes
                0x00000160       0x31 Drivers/STM32F0xx_HAL_Driver/stm32f0xx_hal.o
 .ARM.attributes
                0x00000191       0x31 Drivers/STM32F0xx_HAL_Driver/stm32f0xx_hal_cortex.o
 .ARM.attributes
                0x000001c2       0x31 Drivers/STM32F0xx_HAL_Driver/stm32f0xx_hal_gpio.o
 .ARM.attributes
                0x000001f3       0x31 Drivers/STM32F0xx_HAL_Driver/stm32f0xx_hal_rcc.o
 .ARM.attributes
                0x00000224       0x31 Drivers/STM32F0xx_HAL_Driver/stm32f0xx_hal_rcc_ex.o
 .ARM.attributes
                0x00000255       0x1e /home/kakses/Ac6/SystemWorkbench/plugins/fr.ac6.mcu.externaltools.arm-none.linux64_1.13.0.201701261201/tools/compiler/bin/../lib/gcc/arm-none-eabi/5.4.1/armv6-m/libgcc.a(_udivsi3.o)
 .ARM.attributes
                0x00000273       0x1e /home/kakses/Ac6/SystemWorkbench/plugins/fr.ac6.mcu.externaltools.arm-none.linux64_1.13.0.201701261201/tools/compiler/bin/../lib/gcc/arm-none-eabi/5.4.1/armv6-m/libgcc.a(_dvmd_tls.o)
 .ARM.attributes
                0x00000291       0x2c /home/kakses/Ac6/SystemWorkbench/plugins/fr.ac6.mcu.externaltools.arm-none.linux64_1.13.0.201701261201/tools/compiler/bin/../lib/gcc/arm-none-eabi/5.4.1/../../../../arm-none-eabi/lib/armv6-m/libc_nano.a(lib_a-init.o)
 .ARM.attributes
                0x000002bd       0x2c /home/kakses/Ac6/SystemWorkbench/plugins/fr.ac6.mcu.externaltools.arm-none.linux64_1.13.0.201701261201/tools/compiler/bin/../lib/gcc/arm-none-eabi/5.4.1/../../../../arm-none-eabi/lib/armv6-m/libc_nano.a(lib_a-memcpy-stub.o)
 .ARM.attributes
                0x000002e9       0x1e /home/kakses/Ac6/SystemWorkbench/plugins/fr.ac6.mcu.externaltools.arm-none.linux64_1.13.0.201701261201/tools/compiler/bin/../lib/gcc/arm-none-eabi/5.4.1/armv6-m/crtn.o
OUTPUT(HelloUsart2.elf elf32-littlearm)

.debug_line     0x00000000     0x5811
 .debug_line    0x00000000       0xab Application/SW4STM32/startup_stm32f031x6.o
 .debug_line    0x000000ab      0x7e1 Application/User/gpio.o
 .debug_line    0x0000088c      0x82a Application/User/main.o
 .debug_line    0x000010b6      0x7e1 Application/User/stm32f0xx_hal_msp.o
 .debug_line    0x00001897      0x834 Application/User/stm32f0xx_it.o
 .debug_line    0x000020cb      0x811 Drivers/CMSIS/system_stm32f0xx.o
 .debug_line    0x000028dc      0x92b Drivers/STM32F0xx_HAL_Driver/stm32f0xx_hal.o
 .debug_line    0x00003207      0x9b5 Drivers/STM32F0xx_HAL_Driver/stm32f0xx_hal_cortex.o
 .debug_line    0x00003bbc      0x956 Drivers/STM32F0xx_HAL_Driver/stm32f0xx_hal_gpio.o
 .debug_line    0x00004512      0xa43 Drivers/STM32F0xx_HAL_Driver/stm32f0xx_hal_rcc.o
 .debug_line    0x00004f55      0x8bc Drivers/STM32F0xx_HAL_Driver/stm32f0xx_hal_rcc_ex.o

.debug_info     0x00000000     0x28c1
 .debug_info    0x00000000       0xb2 Application/SW4STM32/startup_stm32f031x6.o
 .debug_info    0x000000b2      0x2ca Application/User/gpio.o
 .debug_info    0x0000037c      0x3c0 Application/User/main.o
 .debug_info    0x0000073c      0x244 Application/User/stm32f0xx_hal_msp.o
 .debug_info    0x00000980       0xda Application/User/stm32f0xx_it.o
 .debug_info    0x00000a5a      0x247 Drivers/CMSIS/system_stm32f0xx.o
 .debug_info    0x00000ca1      0x4e9 Drivers/STM32F0xx_HAL_Driver/stm32f0xx_hal.o
 .debug_info    0x0000118a      0x6a3 Drivers/STM32F0xx_HAL_Driver/stm32f0xx_hal_cortex.o
 .debug_info    0x0000182d      0x5d4 Drivers/STM32F0xx_HAL_Driver/stm32f0xx_hal_gpio.o
 .debug_info    0x00001e01      0x78e Drivers/STM32F0xx_HAL_Driver/stm32f0xx_hal_rcc.o
 .debug_info    0x0000258f      0x332 Drivers/STM32F0xx_HAL_Driver/stm32f0xx_hal_rcc_ex.o

.debug_abbrev   0x00000000      0xd19
 .debug_abbrev  0x00000000       0x12 Application/SW4STM32/startup_stm32f031x6.o
 .debug_abbrev  0x00000012       0xfe Application/User/gpio.o
 .debug_abbrev  0x00000110      0x13e Application/User/main.o
 .debug_abbrev  0x0000024e       0xca Application/User/stm32f0xx_hal_msp.o
 .debug_abbrev  0x00000318       0x5d Application/User/stm32f0xx_it.o
 .debug_abbrev  0x00000375       0xf3 Drivers/CMSIS/system_stm32f0xx.o
 .debug_abbrev  0x00000468      0x1a4 Drivers/STM32F0xx_HAL_Driver/stm32f0xx_hal.o
 .debug_abbrev  0x0000060c      0x234 Drivers/STM32F0xx_HAL_Driver/stm32f0xx_hal_cortex.o
 .debug_abbrev  0x00000840      0x1b6 Drivers/STM32F0xx_HAL_Driver/stm32f0xx_hal_gpio.o
 .debug_abbrev  0x000009f6      0x1eb Drivers/STM32F0xx_HAL_Driver/stm32f0xx_hal_rcc.o
 .debug_abbrev  0x00000be1      0x138 Drivers/STM32F0xx_HAL_Driver/stm32f0xx_hal_rcc_ex.o

.debug_aranges  0x00000000      0x368
 .debug_aranges
                0x00000000       0x28 Application/SW4STM32/startup_stm32f031x6.o
 .debug_aranges
                0x00000028       0x20 Application/User/gpio.o
 .debug_aranges
                0x00000048       0x30 Application/User/main.o
 .debug_aranges
                0x00000078       0x20 Application/User/stm32f0xx_hal_msp.o
 .debug_aranges
                0x00000098       0x40 Application/User/stm32f0xx_it.o
 .debug_aranges
                0x000000d8       0x28 Drivers/CMSIS/system_stm32f0xx.o
 .debug_aranges
                0x00000100       0xa0 Drivers/STM32F0xx_HAL_Driver/stm32f0xx_hal.o
 .debug_aranges
                0x000001a0       0xc0 Drivers/STM32F0xx_HAL_Driver/stm32f0xx_hal_cortex.o
 .debug_aranges
                0x00000260       0x58 Drivers/STM32F0xx_HAL_Driver/stm32f0xx_hal_gpio.o
 .debug_aranges
                0x000002b8       0x80 Drivers/STM32F0xx_HAL_Driver/stm32f0xx_hal_rcc.o
 .debug_aranges
                0x00000338       0x30 Drivers/STM32F0xx_HAL_Driver/stm32f0xx_hal_rcc_ex.o

.debug_ranges   0x00000000      0x2c0
 .debug_ranges  0x00000000       0x20 Application/SW4STM32/startup_stm32f031x6.o
 .debug_ranges  0x00000020       0x10 Application/User/gpio.o
 .debug_ranges  0x00000030       0x20 Application/User/main.o
 .debug_ranges  0x00000050       0x10 Application/User/stm32f0xx_hal_msp.o
 .debug_ranges  0x00000060       0x30 Application/User/stm32f0xx_it.o
 .debug_ranges  0x00000090       0x18 Drivers/CMSIS/system_stm32f0xx.o
 .debug_ranges  0x000000a8       0x90 Drivers/STM32F0xx_HAL_Driver/stm32f0xx_hal.o
 .debug_ranges  0x00000138       0xb0 Drivers/STM32F0xx_HAL_Driver/stm32f0xx_hal_cortex.o
 .debug_ranges  0x000001e8       0x48 Drivers/STM32F0xx_HAL_Driver/stm32f0xx_hal_gpio.o
 .debug_ranges  0x00000230       0x70 Drivers/STM32F0xx_HAL_Driver/stm32f0xx_hal_rcc.o
 .debug_ranges  0x000002a0       0x20 Drivers/STM32F0xx_HAL_Driver/stm32f0xx_hal_rcc_ex.o

.debug_macro    0x00000000     0xfeb4
 .debug_macro   0x00000000      0x2fc Application/User/gpio.o
 .debug_macro   0x000002fc      0x832 Application/User/gpio.o
 .debug_macro   0x00000b2e       0xa5 Application/User/gpio.o
 .debug_macro   0x00000bd3       0x2e Application/User/gpio.o
 .debug_macro   0x00000c01       0x22 Application/User/gpio.o
 .debug_macro   0x00000c23       0x22 Application/User/gpio.o
 .debug_macro   0x00000c45       0x87 Application/User/gpio.o
 .debug_macro   0x00000ccc       0x44 Application/User/gpio.o
 .debug_macro   0x00000d10       0xfd Application/User/gpio.o
 .debug_macro   0x00000e0d       0x5e Application/User/gpio.o
 .debug_macro   0x00000e6b      0x1df Application/User/gpio.o
 .debug_macro   0x0000104a       0x34 Application/User/gpio.o
 .debug_macro   0x0000107e       0x26 Application/User/gpio.o
 .debug_macro   0x000010a4      0x30d Application/User/gpio.o
 .debug_macro   0x000013b1     0x7409 Application/User/gpio.o
 .debug_macro   0x000087ba       0x3c Application/User/gpio.o
 .debug_macro   0x000087f6     0x3408 Application/User/gpio.o
 .debug_macro   0x0000bbfe       0x52 Application/User/gpio.o
 .debug_macro   0x0000bc50       0x35 Application/User/gpio.o
 .debug_macro   0x0000bc85       0x9c Application/User/gpio.o
 .debug_macro   0x0000bd21       0x16 Application/User/gpio.o
 .debug_macro   0x0000bd37       0x97 Application/User/gpio.o
 .debug_macro   0x0000bdce      0x30d Application/User/gpio.o
 .debug_macro   0x0000c0db       0xfd Application/User/gpio.o
 .debug_macro   0x0000c1d8       0x10 Application/User/gpio.o
 .debug_macro   0x0000c1e8       0x52 Application/User/gpio.o
 .debug_macro   0x0000c23a       0x1f Application/User/gpio.o
 .debug_macro   0x0000c259       0x43 Application/User/gpio.o
 .debug_macro   0x0000c29c       0x20 Application/User/gpio.o
 .debug_macro   0x0000c2bc      0x187 Application/User/gpio.o
 .debug_macro   0x0000c443       0x10 Application/User/gpio.o
 .debug_macro   0x0000c453       0x1c Application/User/gpio.o
 .debug_macro   0x0000c46f       0x52 Application/User/gpio.o
 .debug_macro   0x0000c4c1       0x40 Application/User/gpio.o
 .debug_macro   0x0000c501       0x10 Application/User/gpio.o
 .debug_macro   0x0000c511       0x40 Application/User/gpio.o
 .debug_macro   0x0000c551       0xd7 Application/User/gpio.o
 .debug_macro   0x0000c628       0x16 Application/User/gpio.o
 .debug_macro   0x0000c63e      0x18b Application/User/gpio.o
 .debug_macro   0x0000c7c9       0x49 Application/User/gpio.o
 .debug_macro   0x0000c812      0x931 Application/User/gpio.o
 .debug_macro   0x0000d143       0xe5 Application/User/gpio.o
 .debug_macro   0x0000d228      0x13a Application/User/gpio.o
 .debug_macro   0x0000d362       0xce Application/User/gpio.o
 .debug_macro   0x0000d430      0x1ed Application/User/gpio.o
 .debug_macro   0x0000d61d       0x34 Application/User/gpio.o
 .debug_macro   0x0000d651       0x43 Application/User/gpio.o
 .debug_macro   0x0000d694       0x29 Application/User/gpio.o
 .debug_macro   0x0000d6bd       0xb6 Application/User/gpio.o
 .debug_macro   0x0000d773      0x15a Application/User/gpio.o
 .debug_macro   0x0000d8cd      0x202 Application/User/gpio.o
 .debug_macro   0x0000dacf       0x61 Application/User/gpio.o
 .debug_macro   0x0000db30       0x90 Application/User/gpio.o
 .debug_macro   0x0000dbc0       0x4d Application/User/gpio.o
 .debug_macro   0x0000dc0d      0x114 Application/User/gpio.o
 .debug_macro   0x0000dd21      0x38a Application/User/gpio.o
 .debug_macro   0x0000e0ab      0x1f7 Application/User/gpio.o
 .debug_macro   0x0000e2a2       0xff Application/User/gpio.o
 .debug_macro   0x0000e3a1      0x30a Application/User/main.o
 .debug_macro   0x0000e6ab      0x2f2 Application/User/stm32f0xx_hal_msp.o
 .debug_macro   0x0000e99d      0x2fc Application/User/stm32f0xx_it.o
 .debug_macro   0x0000ec99      0x2f2 Drivers/CMSIS/system_stm32f0xx.o
 .debug_macro   0x0000ef8b      0x316 Drivers/STM32F0xx_HAL_Driver/stm32f0xx_hal.o
 .debug_macro   0x0000f2a1      0x2f2 Drivers/STM32F0xx_HAL_Driver/stm32f0xx_hal_cortex.o
 .debug_macro   0x0000f593      0x32b Drivers/STM32F0xx_HAL_Driver/stm32f0xx_hal_gpio.o
 .debug_macro   0x0000f8be      0x304 Drivers/STM32F0xx_HAL_Driver/stm32f0xx_hal_rcc.o
 .debug_macro   0x0000fbc2      0x2f2 Drivers/STM32F0xx_HAL_Driver/stm32f0xx_hal_rcc_ex.o

.debug_str      0x00000000    0x59b4f
 .debug_str     0x00000000    0x58c1f Application/User/gpio.o
                              0x58ee0 (size before relaxing)
 .debug_str     0x00058c1f      0x343 Application/User/main.o
                              0x59166 (size before relaxing)
 .debug_str     0x00058f62       0x4e Application/User/stm32f0xx_hal_msp.o
                              0x58fa4 (size before relaxing)
 .debug_str     0x00058fb0       0x98 Application/User/stm32f0xx_it.o
                              0x58e21 (size before relaxing)
 .debug_str     0x00059048       0xad Drivers/CMSIS/system_stm32f0xx.o
                              0x58eaf (size before relaxing)
 .debug_str     0x000590f5      0x2d8 Drivers/STM32F0xx_HAL_Driver/stm32f0xx_hal.o
                              0x592ee (size before relaxing)
 .debug_str     0x000593cd      0x22b Drivers/STM32F0xx_HAL_Driver/stm32f0xx_hal_cortex.o
                              0x59204 (size before relaxing)
 .debug_str     0x000595f8      0x23a Drivers/STM32F0xx_HAL_Driver/stm32f0xx_hal_gpio.o
                              0x59118 (size before relaxing)
 .debug_str     0x00059832      0x245 Drivers/STM32F0xx_HAL_Driver/stm32f0xx_hal_rcc.o
                              0x59293 (size before relaxing)
 .debug_str     0x00059a77       0xd8 Drivers/STM32F0xx_HAL_Driver/stm32f0xx_hal_rcc_ex.o
                              0x58fc4 (size before relaxing)

.comment        0x00000000       0x6e
 .comment       0x00000000       0x6e Application/User/gpio.o
                                 0x6f (size before relaxing)
 .comment       0x0000006e       0x6f Application/User/main.o
 .comment       0x0000006e       0x6f Application/User/stm32f0xx_hal_msp.o
 .comment       0x0000006e       0x6f Application/User/stm32f0xx_it.o
 .comment       0x0000006e       0x6f Drivers/CMSIS/system_stm32f0xx.o
 .comment       0x0000006e       0x6f Drivers/STM32F0xx_HAL_Driver/stm32f0xx_hal.o
 .comment       0x0000006e       0x6f Drivers/STM32F0xx_HAL_Driver/stm32f0xx_hal_cortex.o
 .comment       0x0000006e       0x6f Drivers/STM32F0xx_HAL_Driver/stm32f0xx_hal_gpio.o
 .comment       0x0000006e       0x6f Drivers/STM32F0xx_HAL_Driver/stm32f0xx_hal_rcc.o
 .comment       0x0000006e       0x6f Drivers/STM32F0xx_HAL_Driver/stm32f0xx_hal_rcc_ex.o

.debug_frame    0x00000000      0x9d0
 .debug_frame   0x00000000       0x30 Application/User/gpio.o
 .debug_frame   0x00000030       0x68 Application/User/main.o
 .debug_frame   0x00000098       0x30 Application/User/stm32f0xx_hal_msp.o
 .debug_frame   0x000000c8       0x9c Application/User/stm32f0xx_it.o
 .debug_frame   0x00000164       0x4c Drivers/CMSIS/system_stm32f0xx.o
 .debug_frame   0x000001b0      0x1f4 Drivers/STM32F0xx_HAL_Driver/stm32f0xx_hal.o
 .debug_frame   0x000003a4      0x2a4 Drivers/STM32F0xx_HAL_Driver/stm32f0xx_hal_cortex.o
 .debug_frame   0x00000648      0x110 Drivers/STM32F0xx_HAL_Driver/stm32f0xx_hal_gpio.o
 .debug_frame   0x00000758      0x194 Drivers/STM32F0xx_HAL_Driver/stm32f0xx_hal_rcc.o
 .debug_frame   0x000008ec       0x70 Drivers/STM32F0xx_HAL_Driver/stm32f0xx_hal_rcc_ex.o
 .debug_frame   0x0000095c       0x20 /home/kakses/Ac6/SystemWorkbench/plugins/fr.ac6.mcu.externaltools.arm-none.linux64_1.13.0.201701261201/tools/compiler/bin/../lib/gcc/arm-none-eabi/5.4.1/armv6-m/libgcc.a(_udivsi3.o)
 .debug_frame   0x0000097c       0x2c /home/kakses/Ac6/SystemWorkbench/plugins/fr.ac6.mcu.externaltools.arm-none.linux64_1.13.0.201701261201/tools/compiler/bin/../lib/gcc/arm-none-eabi/5.4.1/../../../../arm-none-eabi/lib/armv6-m/libc_nano.a(lib_a-init.o)
 .debug_frame   0x000009a8       0x28 /home/kakses/Ac6/SystemWorkbench/plugins/fr.ac6.mcu.externaltools.arm-none.linux64_1.13.0.201701261201/tools/compiler/bin/../lib/gcc/arm-none-eabi/5.4.1/../../../../arm-none-eabi/lib/armv6-m/libc_nano.a(lib_a-memcpy-stub.o)
