Archive member included to satisfy reference by file (symbol)

/home/kakses/Ac6/SystemWorkbench/plugins/fr.ac6.mcu.externaltools.arm-none.linux64_1.13.0.201701261201/tools/compiler/bin/../lib/gcc/arm-none-eabi/5.4.1/armv6-m/libgcc.a(_udivsi3.o)
                              Application/User/main.o (__aeabi_uidiv)
/home/kakses/Ac6/SystemWorkbench/plugins/fr.ac6.mcu.externaltools.arm-none.linux64_1.13.0.201701261201/tools/compiler/bin/../lib/gcc/arm-none-eabi/5.4.1/armv6-m/libgcc.a(_dvmd_tls.o)
                              /home/kakses/Ac6/SystemWorkbench/plugins/fr.ac6.mcu.externaltools.arm-none.linux64_1.13.0.201701261201/tools/compiler/bin/../lib/gcc/arm-none-eabi/5.4.1/armv6-m/libgcc.a(_udivsi3.o) (__aeabi_idiv0)
/home/kakses/Ac6/SystemWorkbench/plugins/fr.ac6.mcu.externaltools.arm-none.linux64_1.13.0.201701261201/tools/compiler/bin/../lib/gcc/arm-none-eabi/5.4.1/../../../../arm-none-eabi/lib/armv6-m/libc_nano.a(lib_a-exit.o)
                              /home/kakses/Ac6/SystemWorkbench/plugins/fr.ac6.mcu.externaltools.arm-none.linux64_1.13.0.201701261201/tools/compiler/bin/../lib/gcc/arm-none-eabi/5.4.1/../../../../arm-none-eabi/lib/armv6-m/crt0.o (exit)
/home/kakses/Ac6/SystemWorkbench/plugins/fr.ac6.mcu.externaltools.arm-none.linux64_1.13.0.201701261201/tools/compiler/bin/../lib/gcc/arm-none-eabi/5.4.1/../../../../arm-none-eabi/lib/armv6-m/libc_nano.a(lib_a-impure.o)
                              /home/kakses/Ac6/SystemWorkbench/plugins/fr.ac6.mcu.externaltools.arm-none.linux64_1.13.0.201701261201/tools/compiler/bin/../lib/gcc/arm-none-eabi/5.4.1/../../../../arm-none-eabi/lib/armv6-m/libc_nano.a(lib_a-exit.o) (_global_impure_ptr)
/home/kakses/Ac6/SystemWorkbench/plugins/fr.ac6.mcu.externaltools.arm-none.linux64_1.13.0.201701261201/tools/compiler/bin/../lib/gcc/arm-none-eabi/5.4.1/../../../../arm-none-eabi/lib/armv6-m/libc_nano.a(lib_a-init.o)
                              /home/kakses/Ac6/SystemWorkbench/plugins/fr.ac6.mcu.externaltools.arm-none.linux64_1.13.0.201701261201/tools/compiler/bin/../lib/gcc/arm-none-eabi/5.4.1/../../../../arm-none-eabi/lib/armv6-m/crt0.o (__libc_init_array)
/home/kakses/Ac6/SystemWorkbench/plugins/fr.ac6.mcu.externaltools.arm-none.linux64_1.13.0.201701261201/tools/compiler/bin/../lib/gcc/arm-none-eabi/5.4.1/../../../../arm-none-eabi/lib/armv6-m/libc_nano.a(lib_a-memcpy-stub.o)
                              Drivers/STM32F0xx_HAL_Driver/stm32f0xx_hal_rcc.o (memcpy)
/home/kakses/Ac6/SystemWorkbench/plugins/fr.ac6.mcu.externaltools.arm-none.linux64_1.13.0.201701261201/tools/compiler/bin/../lib/gcc/arm-none-eabi/5.4.1/../../../../arm-none-eabi/lib/armv6-m/libc_nano.a(lib_a-memset.o)
                              /home/kakses/Ac6/SystemWorkbench/plugins/fr.ac6.mcu.externaltools.arm-none.linux64_1.13.0.201701261201/tools/compiler/bin/../lib/gcc/arm-none-eabi/5.4.1/../../../../arm-none-eabi/lib/armv6-m/crt0.o (memset)
/home/kakses/Ac6/SystemWorkbench/plugins/fr.ac6.mcu.externaltools.arm-none.linux64_1.13.0.201701261201/tools/compiler/bin/../lib/gcc/arm-none-eabi/5.4.1/../../../../arm-none-eabi/lib/armv6-m/libnosys.a(_exit.o)
                              /home/kakses/Ac6/SystemWorkbench/plugins/fr.ac6.mcu.externaltools.arm-none.linux64_1.13.0.201701261201/tools/compiler/bin/../lib/gcc/arm-none-eabi/5.4.1/../../../../arm-none-eabi/lib/armv6-m/libc_nano.a(lib_a-exit.o) (_exit)

Allocating common symbols
Common symbol       size              file

uwTick              0x4               Drivers/STM32F0xx_HAL_Driver/stm32f0xx_hal.o
pFlash              0x20              Drivers/STM32F0xx_HAL_Driver/stm32f0xx_hal_flash.o

Discarded input sections

 .text          0x00000000        0x0 /home/kakses/Ac6/SystemWorkbench/plugins/fr.ac6.mcu.externaltools.arm-none.linux64_1.13.0.201701261201/tools/compiler/bin/../lib/gcc/arm-none-eabi/5.4.1/armv6-m/crti.o
 .data          0x00000000        0x0 /home/kakses/Ac6/SystemWorkbench/plugins/fr.ac6.mcu.externaltools.arm-none.linux64_1.13.0.201701261201/tools/compiler/bin/../lib/gcc/arm-none-eabi/5.4.1/armv6-m/crti.o
 .bss           0x00000000        0x0 /home/kakses/Ac6/SystemWorkbench/plugins/fr.ac6.mcu.externaltools.arm-none.linux64_1.13.0.201701261201/tools/compiler/bin/../lib/gcc/arm-none-eabi/5.4.1/armv6-m/crti.o
 .data          0x00000000        0x4 /home/kakses/Ac6/SystemWorkbench/plugins/fr.ac6.mcu.externaltools.arm-none.linux64_1.13.0.201701261201/tools/compiler/bin/../lib/gcc/arm-none-eabi/5.4.1/armv6-m/crtbegin.o
 .text          0x00000000       0x78 /home/kakses/Ac6/SystemWorkbench/plugins/fr.ac6.mcu.externaltools.arm-none.linux64_1.13.0.201701261201/tools/compiler/bin/../lib/gcc/arm-none-eabi/5.4.1/../../../../arm-none-eabi/lib/armv6-m/crt0.o
 .data          0x00000000        0x0 /home/kakses/Ac6/SystemWorkbench/plugins/fr.ac6.mcu.externaltools.arm-none.linux64_1.13.0.201701261201/tools/compiler/bin/../lib/gcc/arm-none-eabi/5.4.1/../../../../arm-none-eabi/lib/armv6-m/crt0.o
[...]
Memory Configuration

Name             Origin             Length             Attributes
RAM              0x20000000         0x00001000         xrw
FLASH            0x08000000         0x00008000         xr
*default*        0x00000000         0xffffffff

Linker script and memory map

LOAD /home/kakses/Ac6/SystemWorkbench/plugins/fr.ac6.mcu.externaltools.arm-none.linux64_1.13.0.201701261201/tools/compiler/bin/../lib/gcc/arm-none-eabi/5.4.1/armv6-m/crti.o
LOAD /home/kakses/Ac6/SystemWorkbench/plugins/fr.ac6.mcu.externaltools.arm-none.linux64_1.13.0.201701261201/tools/compiler/bin/../lib/gcc/arm-none-eabi/5.4.1/armv6-m/crtbegin.o
LOAD /home/kakses/Ac6/SystemWorkbench/plugins/fr.ac6.mcu.externaltools.arm-none.linux64_1.13.0.201701261201/tools/compiler/bin/../lib/gcc/arm-none-eabi/5.4.1/../../../../arm-none-eabi/lib/armv6-m/crt0.o
LOAD /home/kakses/Ac6/SystemWorkbench/plugins/fr.ac6.mcu.externaltools.arm-none.linux64_1.13.0.201701261201/tools/compiler/bin/../lib/gcc/arm-none-eabi/5.4.1/../../../../arm-none-eabi/lib/armv6-m/libm.a
LOAD Application/SW4STM32/startup_stm32f031x6.o
LOAD Application/User/gpio.o
LOAD Application/User/main.o
LOAD Application/User/stm32f0xx_hal_msp.o
LOAD Application/User/stm32f0xx_it.o
LOAD Drivers/CMSIS/system_stm32f0xx.o
LOAD Drivers/STM32F0xx_HAL_Driver/stm32f0xx_hal.o
LOAD Drivers/STM32F0xx_HAL_Driver/stm32f0xx_hal_cortex.o
LOAD Drivers/STM32F0xx_HAL_Driver/stm32f0xx_hal_dma.o
LOAD Drivers/STM32F0xx_HAL_Driver/stm32f0xx_hal_flash.o
LOAD Drivers/STM32F0xx_HAL_Driver/stm32f0xx_hal_flash_ex.o
LOAD Drivers/STM32F0xx_HAL_Driver/stm32f0xx_hal_gpio.o
LOAD Drivers/STM32F0xx_HAL_Driver/stm32f0xx_hal_i2c.o
LOAD Drivers/STM32F0xx_HAL_Driver/stm32f0xx_hal_i2c_ex.o
LOAD Drivers/STM32F0xx_HAL_Driver/stm32f0xx_hal_pwr.o
LOAD Drivers/STM32F0xx_HAL_Driver/stm32f0xx_hal_pwr_ex.o
LOAD Drivers/STM32F0xx_HAL_Driver/stm32f0xx_hal_rcc.o
LOAD Drivers/STM32F0xx_HAL_Driver/stm32f0xx_hal_rcc_ex.o
LOAD Drivers/STM32F0xx_HAL_Driver/stm32f0xx_hal_tim.o
LOAD Drivers/STM32F0xx_HAL_Driver/stm32f0xx_hal_tim_ex.o
START GROUP
LOAD /home/kakses/Ac6/SystemWorkbench/plugins/fr.ac6.mcu.externaltools.arm-none.linux64_1.13.0.201701261201/tools/compiler/bin/../lib/gcc/arm-none-eabi/5.4.1/armv6-m/libgcc.a
LOAD /home/kakses/Ac6/SystemWorkbench/plugins/fr.ac6.mcu.externaltools.arm-none.linux64_1.13.0.201701261201/tools/compiler/bin/../lib/gcc/arm-none-eabi/5.4.1/../../../../arm-none-eabi/lib/armv6-m/libc_nano.a
END GROUP
START GROUP
LOAD /home/kakses/Ac6/SystemWorkbench/plugins/fr.ac6.mcu.externaltools.arm-none.linux64_1.13.0.201701261201/tools/compiler/bin/../lib/gcc/arm-none-eabi/5.4.1/armv6-m/libgcc.a
LOAD /home/kakses/Ac6/SystemWorkbench/plugins/fr.ac6.mcu.externaltools.arm-none.linux64_1.13.0.201701261201/tools/compiler/bin/../lib/gcc/arm-none-eabi/5.4.1/../../../../arm-none-eabi/lib/armv6-m/libc_nano.a
LOAD /home/kakses/Ac6/SystemWorkbench/plugins/fr.ac6.mcu.externaltools.arm-none.linux64_1.13.0.201701261201/tools/compiler/bin/../lib/gcc/arm-none-eabi/5.4.1/../../../../arm-none-eabi/lib/armv6-m/libnosys.a
END GROUP
START GROUP
LOAD /home/kakses/Ac6/SystemWorkbench/plugins/fr.ac6.mcu.externaltools.arm-none.linux64_1.13.0.201701261201/tools/compiler/bin/../lib/gcc/arm-none-eabi/5.4.1/armv6-m/libgcc.a
LOAD /home/kakses/Ac6/SystemWorkbench/plugins/fr.ac6.mcu.externaltools.arm-none.linux64_1.13.0.201701261201/tools/compiler/bin/../lib/gcc/arm-none-eabi/5.4.1/../../../../arm-none-eabi/lib/armv6-m/libc_nano.a
LOAD /home/kakses/Ac6/SystemWorkbench/plugins/fr.ac6.mcu.externaltools.arm-none.linux64_1.13.0.201701261201/tools/compiler/bin/../lib/gcc/arm-none-eabi/5.4.1/../../../../arm-none-eabi/lib/armv6-m/libnosys.a
END GROUP
LOAD /home/kakses/Ac6/SystemWorkbench/plugins/fr.ac6.mcu.externaltools.arm-none.linux64_1.13.0.201701261201/tools/compiler/bin/../lib/gcc/arm-none-eabi/5.4.1/armv6-m/crtend.o
LOAD /home/kakses/Ac6/SystemWorkbench/plugins/fr.ac6.mcu.externaltools.arm-none.linux64_1.13.0.201701261201/tools/compiler/bin/../lib/gcc/arm-none-eabi/5.4.1/armv6-m/crtn.o
                0x20001000                _estack = 0x20001000
                0x00000200                _Min_Heap_Size = 0x200
                0x00000400                _Min_Stack_Size = 0x400

.isr_vector     0x08000000       0xc0
                0x08000000                . = ALIGN (0x4)
 *(.isr_vector)
 .isr_vector    0x08000000       0xc0 Application/SW4STM32/startup_stm32f031x6.o
                0x08000000                g_pfnVectors
                0x080000c0                . = ALIGN (0x4)

.text           0x080000c0      0xce8
                0x080000c0                . = ALIGN (0x4)
 *(.text)
 .text          0x080000c0       0x60 /home/kakses/Ac6/SystemWorkbench/plugins/fr.ac6.mcu.externaltools.arm-none.linux64_1.13.0.201701261201/tools/compiler/bin/../lib/gcc/arm-none-eabi/5.4.1/armv6-m/crtbegin.o
 .text          0x08000120      0x114 /home/kakses/Ac6/SystemWorkbench/plugins/fr.ac6.mcu.externaltools.arm-none.linux64_1.13.0.201701261201/tools/compiler/bin/../lib/gcc/arm-none-eabi/5.4.1/armv6-m/libgcc.a(_udivsi3.o)
                0x08000120                __udivsi3
                0x08000120                __aeabi_uidiv
                0x0800022c                __aeabi_uidivmod
 .text          0x08000234        0x4 /home/kakses/Ac6/SystemWorkbench/plugins/fr.ac6.mcu.externaltools.arm-none.linux64_1.13.0.201701261201/tools/compiler/bin/../lib/gcc/arm-none-eabi/5.4.1/armv6-m/libgcc.a(_dvmd_tls.o)
                0x08000234                __aeabi_ldiv0
                0x08000234                __aeabi_idiv0
 *(.text*)
 .text.Reset_Handler
                0x08000238       0x50 Application/SW4STM32/startup_stm32f031x6.o
                0x08000238                Reset_Handler
 .text.Default_Handler
                0x08000288        0x2 Application/SW4STM32/startup_stm32f031x6.o
                0x08000288                TIM1_CC_IRQHandler
                0x08000288                HardFault_Handler
                0x08000288                PVD_IRQHandler
                0x08000288                PendSV_Handler
                0x08000288                NMI_Handler
                0x08000288                I2C1_IRQHandler
                0x08000288                SPI1_IRQHandler
                0x08000288                EXTI2_3_IRQHandler
                0x08000288                ADC1_IRQHandler
                0x08000288                TIM17_IRQHandler
                0x08000288                RTC_IRQHandler
                0x08000288                TIM16_IRQHandler
                0x08000288                TIM3_IRQHandler
                0x08000288                EXTI4_15_IRQHandler
                0x08000288                RCC_IRQHandler
                0x08000288                DMA1_Channel1_IRQHandler
                0x08000288                Default_Handler
                0x08000288                TIM14_IRQHandler
                0x08000288                DMA1_Channel4_5_IRQHandler
                0x08000288                EXTI0_1_IRQHandler
                0x08000288                SVC_Handler
                0x08000288                WWDG_IRQHandler
                0x08000288                TIM2_IRQHandler
                0x08000288                DMA1_Channel2_3_IRQHandler
                0x08000288                FLASH_IRQHandler
                0x08000288                USART1_IRQHandler
                0x08000288                TIM1_BRK_UP_TRG_COM_IRQHandler
 *fill*         0x0800028a        0x2 
 .text.MX_GPIO_Init
                0x0800028c       0x70 Application/User/gpio.o
                0x0800028c                MX_GPIO_Init
 .text.Error_Handler
                0x080002fc        0x4 Application/User/main.o
                0x080002fc                Error_Handler
 .text.SystemClock_Config
                0x08000300       0x64 Application/User/main.o
                0x08000300                SystemClock_Config
 .text.main     0x08000364       0x1c Application/User/main.o
                0x08000364                main
 .text.HAL_MspInit
                0x08000380       0x40 Application/User/stm32f0xx_hal_msp.o
                0x08000380                HAL_MspInit
 .text.SysTick_Handler
                0x080003c0        0xc Application/User/stm32f0xx_it.o
                0x080003c0                SysTick_Handler
 .text.SystemInit
                0x080003cc       0x60 Drivers/CMSIS/system_stm32f0xx.o
                0x080003cc                SystemInit
 .text.HAL_InitTick
                0x0800042c       0x24 Drivers/STM32F0xx_HAL_Driver/stm32f0xx_hal.o
                0x0800042c                HAL_InitTick
 .text.HAL_Init
                0x08000450       0x20 Drivers/STM32F0xx_HAL_Driver/stm32f0xx_hal.o
                0x08000450                HAL_Init
 .text.HAL_IncTick
                0x08000470       0x10 Drivers/STM32F0xx_HAL_Driver/stm32f0xx_hal.o
                0x08000470                HAL_IncTick
 .text.HAL_GetTick
                0x08000480        0xc Drivers/STM32F0xx_HAL_Driver/stm32f0xx_hal.o
                0x08000480                HAL_GetTick
 .text.HAL_NVIC_SetPriority
                0x0800048c       0x64 Drivers/STM32F0xx_HAL_Driver/stm32f0xx_hal_cortex.o
                0x0800048c                HAL_NVIC_SetPriority
 .text.HAL_SYSTICK_Config
                0x080004f0       0x38 Drivers/STM32F0xx_HAL_Driver/stm32f0xx_hal_cortex.o
                0x080004f0                HAL_SYSTICK_Config
 .text.HAL_SYSTICK_CLKSourceConfig
                0x08000528       0x20 Drivers/STM32F0xx_HAL_Driver/stm32f0xx_hal_cortex.o
                0x08000528                HAL_SYSTICK_CLKSourceConfig
 .text.HAL_SYSTICK_Callback
                0x08000548        0x4 Drivers/STM32F0xx_HAL_Driver/stm32f0xx_hal_cortex.o
                0x08000548                HAL_SYSTICK_Callback
 .text.HAL_SYSTICK_IRQHandler
                0x0800054c        0x8 Drivers/STM32F0xx_HAL_Driver/stm32f0xx_hal_cortex.o
                0x0800054c                HAL_SYSTICK_IRQHandler
 .text.HAL_GPIO_Init
                0x08000554      0x17c Drivers/STM32F0xx_HAL_Driver/stm32f0xx_hal_gpio.o
                0x08000554                HAL_GPIO_Init
 .text.HAL_GPIO_WritePin
                0x080006d0        0xc Drivers/STM32F0xx_HAL_Driver/stm32f0xx_hal_gpio.o
                0x080006d0                HAL_GPIO_WritePin
 .text.HAL_RCC_OscConfig
                0x080006dc      0x480 Drivers/STM32F0xx_HAL_Driver/stm32f0xx_hal_rcc.o
                0x080006dc                HAL_RCC_OscConfig
 .text.HAL_RCC_GetSysClockFreq
                0x08000b5c       0x68 Drivers/STM32F0xx_HAL_Driver/stm32f0xx_hal_rcc.o
                0x08000b5c                HAL_RCC_GetSysClockFreq
 .text.HAL_RCC_ClockConfig
                0x08000bc4      0x160 Drivers/STM32F0xx_HAL_Driver/stm32f0xx_hal_rcc.o
                0x08000bc4                HAL_RCC_ClockConfig
 .text.HAL_RCC_GetHCLKFreq
                0x08000d24        0xc Drivers/STM32F0xx_HAL_Driver/stm32f0xx_hal_rcc.o
                0x08000d24                HAL_RCC_GetHCLKFreq
 .text.__libc_init_array
                0x08000d30       0x4c /home/kakses/Ac6/SystemWorkbench/plugins/fr.ac6.mcu.externaltools.arm-none.linux64_1.13.0.201701261201/tools/compiler/bin/../lib/gcc/arm-none-eabi/5.4.1/../../../../arm-none-eabi/lib/armv6-m/libc_nano.a(lib_a-init.o)
                0x08000d30                __libc_init_array
 .text.memcpy   0x08000d7c       0x12 /home/kakses/Ac6/SystemWorkbench/plugins/fr.ac6.mcu.externaltools.arm-none.linux64_1.13.0.201701261201/tools/compiler/bin/../lib/gcc/arm-none-eabi/5.4.1/../../../../arm-none-eabi/lib/armv6-m/libc_nano.a(lib_a-memcpy-stub.o)
                0x08000d7c                memcpy
 *(.glue_7)
 .glue_7        0x08000d8e        0x0 linker stubs
 *(.glue_7t)
 .glue_7t       0x08000d8e        0x0 linker stubs
 *(.eh_frame)
 *fill*         0x08000d8e        0x2 
 .eh_frame      0x08000d90        0x0 /home/kakses/Ac6/SystemWorkbench/plugins/fr.ac6.mcu.externaltools.arm-none.linux64_1.13.0.201701261201/tools/compiler/bin/../lib/gcc/arm-none-eabi/5.4.1/armv6-m/crtbegin.o
 *(.init)
 .init          0x08000d90        0x4 /home/kakses/Ac6/SystemWorkbench/plugins/fr.ac6.mcu.externaltools.arm-none.linux64_1.13.0.201701261201/tools/compiler/bin/../lib/gcc/arm-none-eabi/5.4.1/armv6-m/crti.o
                0x08000d90                _init
 .init          0x08000d94        0x8 /home/kakses/Ac6/SystemWorkbench/plugins/fr.ac6.mcu.externaltools.arm-none.linux64_1.13.0.201701261201/tools/compiler/bin/../lib/gcc/arm-none-eabi/5.4.1/armv6-m/crtn.o
 *(.fini)
 .fini          0x08000d9c        0x4 /home/kakses/Ac6/SystemWorkbench/plugins/fr.ac6.mcu.externaltools.arm-none.linux64_1.13.0.201701261201/tools/compiler/bin/../lib/gcc/arm-none-eabi/5.4.1/armv6-m/crti.o
                0x08000d9c                _fini
 .fini          0x08000da0        0x8 /home/kakses/Ac6/SystemWorkbench/plugins/fr.ac6.mcu.externaltools.arm-none.linux64_1.13.0.201701261201/tools/compiler/bin/../lib/gcc/arm-none-eabi/5.4.1/armv6-m/crtn.o
                0x08000da8                . = ALIGN (0x4)
                0x08000da8                _etext = .

.vfp11_veneer   0x08000da8        0x0
 .vfp11_veneer  0x08000da8        0x0 linker stubs

.v4_bx          0x08000da8        0x0
 .v4_bx         0x08000da8        0x0 linker stubs

.iplt           0x08000da8        0x0
 .iplt          0x08000da8        0x0 /home/kakses/Ac6/SystemWorkbench/plugins/fr.ac6.mcu.externaltools.arm-none.linux64_1.13.0.201701261201/tools/compiler/bin/../lib/gcc/arm-none-eabi/5.4.1/armv6-m/crtbegin.o

.rodata         0x08000da8       0x38
                0x08000da8                . = ALIGN (0x4)
 *(.rodata)
 .rodata        0x08000da8       0x18 Drivers/CMSIS/system_stm32f0xx.o
                0x08000da8                AHBPrescTable
                0x08000db8                APBPrescTable
 .rodata        0x08000dc0       0x20 Drivers/STM32F0xx_HAL_Driver/stm32f0xx_hal_rcc.o
 *(.rodata*)
                0x08000de0                . = ALIGN (0x4)

.rel.dyn        0x08000de0        0x0
 .rel.iplt      0x08000de0        0x0 /home/kakses/Ac6/SystemWorkbench/plugins/fr.ac6.mcu.externaltools.arm-none.linux64_1.13.0.201701261201/tools/compiler/bin/../lib/gcc/arm-none-eabi/5.4.1/armv6-m/crtbegin.o

.ARM.extab
 *(.ARM.extab* .gnu.linkonce.armextab.*)

.ARM            0x08000de0        0x0
                0x08000de0                __exidx_start = .
 *(.ARM.exidx*)
                0x08000de0                __exidx_end = .

.preinit_array  0x08000de0        0x0
                0x08000de0                PROVIDE (__preinit_array_start, .)
 *(.preinit_array*)
                0x08000de0                PROVIDE (__preinit_array_end, .)

.init_array     0x08000de0        0x4
                0x08000de0                PROVIDE (__init_array_start, .)
 *(SORT(.init_array.*))
 *(.init_array*)
 .init_array    0x08000de0        0x4 /home/kakses/Ac6/SystemWorkbench/plugins/fr.ac6.mcu.externaltools.arm-none.linux64_1.13.0.201701261201/tools/compiler/bin/../lib/gcc/arm-none-eabi/5.4.1/armv6-m/crtbegin.o
                0x08000de4                PROVIDE (__init_array_end, .)

.fini_array     0x08000de4        0x4
                [!provide]                PROVIDE (__fini_array_start, .)
 *(SORT(.fini_array.*))
 *(.fini_array*)
 .fini_array    0x08000de4        0x4 /home/kakses/Ac6/SystemWorkbench/plugins/fr.ac6.mcu.externaltools.arm-none.linux64_1.13.0.201701261201/tools/compiler/bin/../lib/gcc/arm-none-eabi/5.4.1/armv6-m/crtbegin.o
                [!provide]                PROVIDE (__fini_array_end, .)
                0x08000de8                _sidata = LOADADDR (.data)

.data           0x20000000        0x4 load address 0x08000de8
                0x20000000                . = ALIGN (0x4)
                0x20000000                _sdata = .
 *(.data)
 .data          0x20000000        0x4 Drivers/CMSIS/system_stm32f0xx.o
                0x20000000                SystemCoreClock
 *(.data*)
                0x20000004                . = ALIGN (0x4)
                0x20000004                _edata = .

.jcr            0x20000004        0x0 load address 0x08000dec
 .jcr           0x20000004        0x0 /home/kakses/Ac6/SystemWorkbench/plugins/fr.ac6.mcu.externaltools.arm-none.linux64_1.13.0.201701261201/tools/compiler/bin/../lib/gcc/arm-none-eabi/5.4.1/armv6-m/crtbegin.o

.igot.plt       0x20000004        0x0 load address 0x08000dec
 .igot.plt      0x20000004        0x0 /home/kakses/Ac6/SystemWorkbench/plugins/fr.ac6.mcu.externaltools.arm-none.linux64_1.13.0.201701261201/tools/compiler/bin/../lib/gcc/arm-none-eabi/5.4.1/armv6-m/crtbegin.o
                0x20000004                . = ALIGN (0x4)

.bss            0x20000004       0x20 load address 0x08000dec
                0x20000004                _sbss = .
                0x20000004                __bss_start__ = _sbss
 *(.bss)
 .bss           0x20000004       0x1c /home/kakses/Ac6/SystemWorkbench/plugins/fr.ac6.mcu.externaltools.arm-none.linux64_1.13.0.201701261201/tools/compiler/bin/../lib/gcc/arm-none-eabi/5.4.1/armv6-m/crtbegin.o
 *(.bss*)
 *(COMMON)
 COMMON         0x20000020        0x4 Drivers/STM32F0xx_HAL_Driver/stm32f0xx_hal.o
                0x20000020                uwTick
                0x20000024                . = ALIGN (0x4)
                0x20000024                _ebss = .
                0x20000024                __bss_end__ = _ebss

._user_heap_stack
                0x20000024      0x604 load address 0x08000dec
                0x20000028                . = ALIGN (0x8)
 *fill*         0x20000024        0x4 
                [!provide]                PROVIDE (end, .)
                [!provide]                PROVIDE (_end, .)
                0x20000228                . = (. + _Min_Heap_Size)
 *fill*         0x20000028      0x200 
                0x20000628                . = (. + _Min_Stack_Size)
 *fill*         0x20000228      0x400 
                0x20000628                . = ALIGN (0x8)

/DISCARD/
 libc.a(*)
 libm.a(*)
 libgcc.a(*)

.ARM.attributes
                0x00000000       0x28
 *(.ARM.attributes)
 .ARM.attributes
                0x00000000       0x1e /home/kakses/Ac6/SystemWorkbench/plugins/fr.ac6.mcu.externaltools.arm-none.linux64_1.13.0.201701261201/tools/compiler/bin/../lib/gcc/arm-none-eabi/5.4.1/armv6-m/crti.o
 .ARM.attributes
                0x0000001e       0x2c /home/kakses/Ac6/SystemWorkbench/plugins/fr.ac6.mcu.externaltools.arm-none.linux64_1.13.0.201701261201/tools/compiler/bin/../lib/gcc/arm-none-eabi/5.4.1/armv6-m/crtbegin.o
 .ARM.attributes
                0x0000004a       0x21 Application/SW4STM32/startup_stm32f031x6.o
 .ARM.attributes
                0x0000006b       0x31 Application/User/gpio.o
 .ARM.attributes
                0x0000009c       0x31 Application/User/main.o
 .ARM.attributes
                0x000000cd       0x31 Application/User/stm32f0xx_hal_msp.o
 .ARM.attributes
                0x000000fe       0x31 Application/User/stm32f0xx_it.o
 .ARM.attributes
                0x0000012f       0x31 Drivers/CMSIS/system_stm32f0xx.o
 .ARM.attributes
                0x00000160       0x31 Drivers/STM32F0xx_HAL_Driver/stm32f0xx_hal.o
 .ARM.attributes
                0x00000191       0x31 Drivers/STM32F0xx_HAL_Driver/stm32f0xx_hal_cortex.o
 .ARM.attributes
                0x000001c2       0x31 Drivers/STM32F0xx_HAL_Driver/stm32f0xx_hal_gpio.o
 .ARM.attributes
                0x000001f3       0x31 Drivers/STM32F0xx_HAL_Driver/stm32f0xx_hal_rcc.o
 .ARM.attributes
                0x00000224       0x1e /home/kakses/Ac6/SystemWorkbench/plugins/fr.ac6.mcu.externaltools.arm-none.linux64_1.13.0.201701261201/tools/compiler/bin/../lib/gcc/arm-none-eabi/5.4.1/armv6-m/libgcc.a(_udivsi3.o)
 .ARM.attributes
                0x00000242       0x1e /home/kakses/Ac6/SystemWorkbench/plugins/fr.ac6.mcu.externaltools.arm-none.linux64_1.13.0.201701261201/tools/compiler/bin/../lib/gcc/arm-none-eabi/5.4.1/armv6-m/libgcc.a(_dvmd_tls.o)
 .ARM.attributes
                0x00000260       0x2c /home/kakses/Ac6/SystemWorkbench/plugins/fr.ac6.mcu.externaltools.arm-none.linux64_1.13.0.201701261201/tools/compiler/bin/../lib/gcc/arm-none-eabi/5.4.1/../../../../arm-none-eabi/lib/armv6-m/libc_nano.a(lib_a-init.o)
 .ARM.attributes
                0x0000028c       0x2c /home/kakses/Ac6/SystemWorkbench/plugins/fr.ac6.mcu.externaltools.arm-none.linux64_1.13.0.201701261201/tools/compiler/bin/../lib/gcc/arm-none-eabi/5.4.1/../../../../arm-none-eabi/lib/armv6-m/libc_nano.a(lib_a-memcpy-stub.o)
 .ARM.attributes
                0x000002b8       0x1e /home/kakses/Ac6/SystemWorkbench/plugins/fr.ac6.mcu.externaltools.arm-none.linux64_1.13.0.201701261201/tools/compiler/bin/../lib/gcc/arm-none-eabi/5.4.1/armv6-m/crtn.o
OUTPUT(test100417.elf elf32-littlearm)

.debug_line     0x00000000     0x4c7a
 .debug_line    0x00000000       0xaa Application/SW4STM32/startup_stm32f031x6.o
 .debug_line    0x000000aa      0x7af Application/User/gpio.o
 .debug_line    0x00000859      0x7d8 Application/User/main.o
 .debug_line    0x00001031      0x7a8 Application/User/stm32f0xx_hal_msp.o
 .debug_line    0x000017d9      0x7b3 Application/User/stm32f0xx_it.o
 .debug_line    0x00001f8c      0x7d4 Drivers/CMSIS/system_stm32f0xx.o
 .debug_line    0x00002760      0x8ea Drivers/STM32F0xx_HAL_Driver/stm32f0xx_hal.o
 .debug_line    0x0000304a      0x908 Drivers/STM32F0xx_HAL_Driver/stm32f0xx_hal_cortex.o
 .debug_line    0x00003952      0x8e8 Drivers/STM32F0xx_HAL_Driver/stm32f0xx_hal_gpio.o
 .debug_line    0x0000423a      0xa40 Drivers/STM32F0xx_HAL_Driver/stm32f0xx_hal_rcc.o

.debug_info     0x00000000     0x2a96
 .debug_info    0x00000000       0xaf Application/SW4STM32/startup_stm32f031x6.o
 .debug_info    0x000000af      0x36a Application/User/gpio.o
 .debug_info    0x00000419      0x47f Application/User/main.o
 .debug_info    0x00000898      0x2ad Application/User/stm32f0xx_hal_msp.o
 .debug_info    0x00000b45       0xc4 Application/User/stm32f0xx_it.o
 .debug_info    0x00000c09      0x24b Drivers/CMSIS/system_stm32f0xx.o
 .debug_info    0x00000e54      0x57c Drivers/STM32F0xx_HAL_Driver/stm32f0xx_hal.o
 .debug_info    0x000013d0      0x751 Drivers/STM32F0xx_HAL_Driver/stm32f0xx_hal_cortex.o
 .debug_info    0x00001b21      0x5db Drivers/STM32F0xx_HAL_Driver/stm32f0xx_hal_gpio.o
 .debug_info    0x000020fc      0x99a Drivers/STM32F0xx_HAL_Driver/stm32f0xx_hal_rcc.o

.debug_abbrev   0x00000000      0xd82
 .debug_abbrev  0x00000000       0x12 Application/SW4STM32/startup_stm32f031x6.o
 .debug_abbrev  0x00000012      0x137 Application/User/gpio.o
 .debug_abbrev  0x00000149      0x17c Application/User/main.o
 .debug_abbrev  0x000002c5      0x103 Application/User/stm32f0xx_hal_msp.o
 .debug_abbrev  0x000003c8       0x74 Application/User/stm32f0xx_it.o
 .debug_abbrev  0x0000043c       0xf3 Drivers/CMSIS/system_stm32f0xx.o
 .debug_abbrev  0x0000052f      0x1f7 Drivers/STM32F0xx_HAL_Driver/stm32f0xx_hal.o
 .debug_abbrev  0x00000726      0x257 Drivers/STM32F0xx_HAL_Driver/stm32f0xx_hal_cortex.o
 .debug_abbrev  0x0000097d      0x1d4 Drivers/STM32F0xx_HAL_Driver/stm32f0xx_hal_gpio.o
 .debug_abbrev  0x00000b51      0x231 Drivers/STM32F0xx_HAL_Driver/stm32f0xx_hal_rcc.o

.debug_aranges  0x00000000      0x2d0
 .debug_aranges
                0x00000000       0x28 Application/SW4STM32/startup_stm32f031x6.o
 .debug_aranges
                0x00000028       0x20 Application/User/gpio.o
 .debug_aranges
                0x00000048       0x30 Application/User/main.o
 .debug_aranges
                0x00000078       0x20 Application/User/stm32f0xx_hal_msp.o
 .debug_aranges
                0x00000098       0x20 Application/User/stm32f0xx_it.o
 .debug_aranges
                0x000000b8       0x28 Drivers/CMSIS/system_stm32f0xx.o
 .debug_aranges
                0x000000e0       0xa0 Drivers/STM32F0xx_HAL_Driver/stm32f0xx_hal.o
 .debug_aranges
                0x00000180       0x78 Drivers/STM32F0xx_HAL_Driver/stm32f0xx_hal_cortex.o
 .debug_aranges
                0x000001f8       0x58 Drivers/STM32F0xx_HAL_Driver/stm32f0xx_hal_gpio.o
 .debug_aranges
                0x00000250       0x80 Drivers/STM32F0xx_HAL_Driver/stm32f0xx_hal_rcc.o

.debug_ranges   0x00000000      0x250
 .debug_ranges  0x00000000       0x20 Application/SW4STM32/startup_stm32f031x6.o
 .debug_ranges  0x00000020       0x10 Application/User/gpio.o
 .debug_ranges  0x00000030       0x20 Application/User/main.o
 .debug_ranges  0x00000050       0x10 Application/User/stm32f0xx_hal_msp.o
 .debug_ranges  0x00000060       0x10 Application/User/stm32f0xx_it.o
 .debug_ranges  0x00000070       0x18 Drivers/CMSIS/system_stm32f0xx.o
 .debug_ranges  0x00000088       0x90 Drivers/STM32F0xx_HAL_Driver/stm32f0xx_hal.o
 .debug_ranges  0x00000118       0x68 Drivers/STM32F0xx_HAL_Driver/stm32f0xx_hal_cortex.o
 .debug_ranges  0x00000180       0x48 Drivers/STM32F0xx_HAL_Driver/stm32f0xx_hal_gpio.o
 .debug_ranges  0x000001c8       0x88 Drivers/STM32F0xx_HAL_Driver/stm32f0xx_hal_rcc.o

.debug_macro    0x00000000     0xf5a2
 .debug_macro   0x00000000      0x2e7 Application/User/gpio.o
 .debug_macro   0x000002e7      0x832 Application/User/gpio.o
 .debug_macro   0x00000b19       0x2e Application/User/gpio.o
 .debug_macro   0x00000b47       0x9f Application/User/gpio.o
 .debug_macro   0x00000be6       0x2e Application/User/gpio.o
 .debug_macro   0x00000c14       0x22 Application/User/gpio.o
 .debug_macro   0x00000c36       0x22 Application/User/gpio.o
 .debug_macro   0x00000c58       0x87 Application/User/gpio.o
 .debug_macro   0x00000cdf       0x44 Application/User/gpio.o
 .debug_macro   0x00000d23       0xfd Application/User/gpio.o
 .debug_macro   0x00000e20       0x5e Application/User/gpio.o
 .debug_macro   0x00000e7e      0x1df Application/User/gpio.o
 .debug_macro   0x0000105d       0x34 Application/User/gpio.o
 .debug_macro   0x00001091       0x26 Application/User/gpio.o
 .debug_macro   0x000010b7      0x30d Application/User/gpio.o
 .debug_macro   0x000013c4     0x7409 Application/User/gpio.o
 .debug_macro   0x000087cd       0x3c Application/User/gpio.o
 .debug_macro   0x00008809     0x3408 Application/User/gpio.o
 .debug_macro   0x0000bc11       0x52 Application/User/gpio.o
 .debug_macro   0x0000bc63       0x35 Application/User/gpio.o
 .debug_macro   0x0000bc98       0x9c Application/User/gpio.o
 .debug_macro   0x0000bd34       0x16 Application/User/gpio.o
 .debug_macro   0x0000bd4a       0x97 Application/User/gpio.o
 .debug_macro   0x0000bde1      0x30d Application/User/gpio.o
 .debug_macro   0x0000c0ee       0xfd Application/User/gpio.o
 .debug_macro   0x0000c1eb       0x10 Application/User/gpio.o
 .debug_macro   0x0000c1fb       0x52 Application/User/gpio.o
 .debug_macro   0x0000c24d       0x1f Application/User/gpio.o
 .debug_macro   0x0000c26c       0x43 Application/User/gpio.o
 .debug_macro   0x0000c2af       0x20 Application/User/gpio.o
 .debug_macro   0x0000c2cf      0x187 Application/User/gpio.o
 .debug_macro   0x0000c456       0x10 Application/User/gpio.o
 .debug_macro   0x0000c466       0x1c Application/User/gpio.o
 .debug_macro   0x0000c482       0x52 Application/User/gpio.o
 .debug_macro   0x0000c4d4       0x40 Application/User/gpio.o
 .debug_macro   0x0000c514       0x10 Application/User/gpio.o
 .debug_macro   0x0000c524       0x40 Application/User/gpio.o
 .debug_macro   0x0000c564       0xd7 Application/User/gpio.o
 .debug_macro   0x0000c63b       0x16 Application/User/gpio.o
 .debug_macro   0x0000c651      0x18b Application/User/gpio.o
 .debug_macro   0x0000c7dc       0x49 Application/User/gpio.o
 .debug_macro   0x0000c825      0x931 Application/User/gpio.o
 .debug_macro   0x0000d156       0xe5 Application/User/gpio.o
 .debug_macro   0x0000d23b      0x13a Application/User/gpio.o
 .debug_macro   0x0000d375       0xce Application/User/gpio.o
 .debug_macro   0x0000d443      0x1ed Application/User/gpio.o
 .debug_macro   0x0000d630       0x34 Application/User/gpio.o
 .debug_macro   0x0000d664       0x43 Application/User/gpio.o
 .debug_macro   0x0000d6a7       0x29 Application/User/gpio.o
 .debug_macro   0x0000d6d0       0xb6 Application/User/gpio.o
 .debug_macro   0x0000d786      0x15a Application/User/gpio.o
 .debug_macro   0x0000d8e0      0x202 Application/User/gpio.o
 .debug_macro   0x0000dae2       0x61 Application/User/gpio.o
 .debug_macro   0x0000db43       0x90 Application/User/gpio.o
 .debug_macro   0x0000dbd3       0x4d Application/User/gpio.o
 .debug_macro   0x0000dc20      0x114 Application/User/gpio.o
 .debug_macro   0x0000dd34       0xff Application/User/gpio.o
 .debug_macro   0x0000de33      0x2eb Application/User/main.o
 .debug_macro   0x0000e11e      0x2dd Application/User/stm32f0xx_hal_msp.o
 .debug_macro   0x0000e3fb      0x2e7 Application/User/stm32f0xx_it.o
 .debug_macro   0x0000e6e2      0x2dd Drivers/CMSIS/system_stm32f0xx.o
 .debug_macro   0x0000e9bf      0x301 Drivers/STM32F0xx_HAL_Driver/stm32f0xx_hal.o
 .debug_macro   0x0000ecc0      0x2dd Drivers/STM32F0xx_HAL_Driver/stm32f0xx_hal_cortex.o
 .debug_macro   0x0000ef9d      0x316 Drivers/STM32F0xx_HAL_Driver/stm32f0xx_hal_gpio.o
 .debug_macro   0x0000f2b3      0x2ef Drivers/STM32F0xx_HAL_Driver/stm32f0xx_hal_rcc.o

.debug_str      0x00000000    0x560fc
 .debug_str     0x00000000    0x553a0 Application/User/gpio.o
                              0x55669 (size before relaxing)
 .debug_str     0x000553a0      0x304 Application/User/main.o
                              0x558be (size before relaxing)
 .debug_str     0x000556a4       0x4d Application/User/stm32f0xx_hal_msp.o
                              0x55710 (size before relaxing)
 .debug_str     0x000556f1       0x81 Application/User/stm32f0xx_it.o
                              0x55562 (size before relaxing)
 .debug_str     0x00055772       0xac Drivers/CMSIS/system_stm32f0xx.o
                              0x55606 (size before relaxing)
 .debug_str     0x0005581e      0x2c2 Drivers/STM32F0xx_HAL_Driver/stm32f0xx_hal.o
                              0x55a81 (size before relaxing)
 .debug_str     0x00055ae0      0x1eb Drivers/STM32F0xx_HAL_Driver/stm32f0xx_hal_cortex.o
                              0x5595b (size before relaxing)
 .debug_str     0x00055ccb      0x219 Drivers/STM32F0xx_HAL_Driver/stm32f0xx_hal_gpio.o
                              0x5586f (size before relaxing)
 .debug_str     0x00055ee4      0x218 Drivers/STM32F0xx_HAL_Driver/stm32f0xx_hal_rcc.o
                              0x55a1f (size before relaxing)

.comment        0x00000000       0x6e
 .comment       0x00000000       0x6e Application/User/gpio.o
                                 0x6f (size before relaxing)
 .comment       0x0000006e       0x6f Application/User/main.o
 .comment       0x0000006e       0x6f Application/User/stm32f0xx_hal_msp.o
 .comment       0x0000006e       0x6f Application/User/stm32f0xx_it.o
 .comment       0x0000006e       0x6f Drivers/CMSIS/system_stm32f0xx.o
 .comment       0x0000006e       0x6f Drivers/STM32F0xx_HAL_Driver/stm32f0xx_hal.o
 .comment       0x0000006e       0x6f Drivers/STM32F0xx_HAL_Driver/stm32f0xx_hal_cortex.o
 .comment       0x0000006e       0x6f Drivers/STM32F0xx_HAL_Driver/stm32f0xx_hal_gpio.o
 .comment       0x0000006e       0x6f Drivers/STM32F0xx_HAL_Driver/stm32f0xx_hal_rcc.o

.debug_frame    0x00000000      0x5a0
 .debug_frame   0x00000000       0x30 Application/User/gpio.o
 .debug_frame   0x00000030       0x50 Application/User/main.o
 .debug_frame   0x00000080       0x28 Application/User/stm32f0xx_hal_msp.o
 .debug_frame   0x000000a8       0x28 Application/User/stm32f0xx_it.o
 .debug_frame   0x000000d0       0x38 Drivers/CMSIS/system_stm32f0xx.o
 .debug_frame   0x00000108      0x144 Drivers/STM32F0xx_HAL_Driver/stm32f0xx_hal.o
 .debug_frame   0x0000024c       0xe4 Drivers/STM32F0xx_HAL_Driver/stm32f0xx_hal_cortex.o
 .debug_frame   0x00000330       0xcc Drivers/STM32F0xx_HAL_Driver/stm32f0xx_hal_gpio.o
 .debug_frame   0x000003fc      0x130 Drivers/STM32F0xx_HAL_Driver/stm32f0xx_hal_rcc.o
 .debug_frame   0x0000052c       0x20 /home/kakses/Ac6/SystemWorkbench/plugins/fr.ac6.mcu.externaltools.arm-none.linux64_1.13.0.201701261201/tools/compiler/bin/../lib/gcc/arm-none-eabi/5.4.1/armv6-m/libgcc.a(_udivsi3.o)
 .debug_frame   0x0000054c       0x2c /home/kakses/Ac6/SystemWorkbench/plugins/fr.ac6.mcu.externaltools.arm-none.linux64_1.13.0.201701261201/tools/compiler/bin/../lib/gcc/arm-none-eabi/5.4.1/../../../../arm-none-eabi/lib/armv6-m/libc_nano.a(lib_a-init.o)
 .debug_frame   0x00000578       0x28 /home/kakses/Ac6/SystemWorkbench/plugins/fr.ac6.mcu.externaltools.arm-none.linux64_1.13.0.201701261201/tools/compiler/bin/../lib/gcc/arm-none-eabi/5.4.1/../../../../arm-none-eabi/lib/armv6-m/libc_nano.a(lib_a-memcpy-stub.o)

.debug_loc      0x00000000      0xc8e
 .debug_loc     0x00000000       0xfe Drivers/CMSIS/system_stm32f0xx.o
 .debug_loc     0x000000fe       0x6a Drivers/STM32F0xx_HAL_Driver/stm32f0xx_hal.o
 .debug_loc     0x00000168      0x39b Drivers/STM32F0xx_HAL_Driver/stm32f0xx_hal_cortex.o
 .debug_loc     0x00000503      0x2bc Drivers/STM32F0xx_HAL_Driver/stm32f0xx_hal_gpio.o
 .debug_loc     0x000007bf      0x4cf Drivers/STM32F0xx_HAL_Driver/stm32f0xx_hal_rcc.o
